// Jest Snapshot v1, https://goo.gl/fbAQLP

exports[`ProductMan SnapShot match to snapshot 1`] = `
ShallowWrapper {
  Symbol(enzyme.__root__): [Circular],
  Symbol(enzyme.__unrendered__): <ProductMan
    allProducts={
      Array [
        Object {
          "id": 1,
          "image": "https://ae01.alicdn.com/kf/HTB1N8Q9G7yWBuNjy0Fpq6yssXXal/Led-twig-lights-holiday-lights-branches-Christmas-ornaments-HJW.jpg",
          "title": "Whisker",
        },
        Object {
          "id": 2,
          "image": "https://ae01.alicdn.com/kf/HTB1Cvrtl8jTBKNjSZFuq6z0HFXaa/Automatic-Toothpas…oothbrush-Holder-with-Cups-No-Nail-Wall-Stand-Shelf-Bathroom-Organizer.jpg",
          "title": "Merry",
        },
        Object {
          "id": 3,
          "image": "https://img.staticbg.com/thumb/large/oaupload/banggood/images/9B/D2/54eafdb3-7f9c-4d56-9522-73c12c2fe2c3.jpg",
          "title": "Apple",
        },
        Object {
          "id": 4,
          "image": "https://ae01.alicdn.com/kf/HTB1KwN_cGmgSKJjSsplq6yICpXai/Gamiss-Spring-Autu…ual-Tshirt-Plus-Size-Halloween-Batwing-Loose-Long-Sleeve-Solid-Color-T.jpg",
          "title": "Sample",
        },
      ]
    }
    onProductsChange={[MockFunction]}
    products={
      Array [
        1,
      ]
    }
  />,
  Symbol(enzyme.__renderer__): Object {
    "batchedUpdates": [Function],
    "getNode": [Function],
    "render": [Function],
    "simulateError": [Function],
    "simulateEvent": [Function],
    "unmount": [Function],
  },
  Symbol(enzyme.__node__): Object {
    "instance": null,
    "key": undefined,
    "nodeType": "host",
    "props": Object {
      "children": Array [
        <div
          className="d-flex align-items-center false"
        >
          <AssignedPhoto
            handleClickCloseBtn={[Function]}
            id={1}
            image="https://ae01.alicdn.com/kf/HTB1N8Q9G7yWBuNjy0Fpq6yssXXal/Led-twig-lights-holiday-lights-branches-Christmas-ornaments-HJW.jpg"
            title="Whisker"
          />
        </div>,
        <div
          className="d-flex align-items-center ml-1 position-relative"
          style={
            Object {
              "height": "80%",
            }
          }
        >
          <AddProductsBtn
            handleToggleModal={[Function]}
          />
        </div>,
      ],
      "className": "photo-grid-productman-container",
    },
    "ref": null,
    "rendered": Array [
      Object {
        "instance": null,
        "key": undefined,
        "nodeType": "host",
        "props": Object {
          "children": Array [
            Array [
              <AssignedPhoto
                handleClickCloseBtn={[Function]}
                id={1}
                image="https://ae01.alicdn.com/kf/HTB1N8Q9G7yWBuNjy0Fpq6yssXXal/Led-twig-lights-holiday-lights-branches-Christmas-ornaments-HJW.jpg"
                title="Whisker"
              />,
            ],
            false,
          ],
          "className": "d-flex align-items-center false",
        },
        "ref": null,
        "rendered": Array [
          Object {
            "instance": null,
            "key": "1",
            "nodeType": "class",
            "props": Object {
              "handleClickCloseBtn": [Function],
              "id": 1,
              "image": "https://ae01.alicdn.com/kf/HTB1N8Q9G7yWBuNjy0Fpq6yssXXal/Led-twig-lights-holiday-lights-branches-Christmas-ornaments-HJW.jpg",
              "title": "Whisker",
            },
            "ref": null,
            "rendered": null,
            "type": [Function],
          },
          false,
        ],
        "type": "div",
      },
      Object {
        "instance": null,
        "key": undefined,
        "nodeType": "host",
        "props": Object {
          "children": Array [
            <AddProductsBtn
              handleToggleModal={[Function]}
            />,
            false,
          ],
          "className": "d-flex align-items-center ml-1 position-relative",
          "style": Object {
            "height": "80%",
          },
        },
        "ref": null,
        "rendered": Array [
          Object {
            "instance": null,
            "key": undefined,
            "nodeType": "class",
            "props": Object {
              "handleToggleModal": [Function],
            },
            "ref": null,
            "rendered": null,
            "type": [Function],
          },
          false,
        ],
        "type": "div",
      },
    ],
    "type": "div",
  },
  Symbol(enzyme.__nodes__): Array [
    Object {
      "instance": null,
      "key": undefined,
      "nodeType": "host",
      "props": Object {
        "children": Array [
          <div
            className="d-flex align-items-center false"
          >
            <AssignedPhoto
              handleClickCloseBtn={[Function]}
              id={1}
              image="https://ae01.alicdn.com/kf/HTB1N8Q9G7yWBuNjy0Fpq6yssXXal/Led-twig-lights-holiday-lights-branches-Christmas-ornaments-HJW.jpg"
              title="Whisker"
            />
          </div>,
          <div
            className="d-flex align-items-center ml-1 position-relative"
            style={
              Object {
                "height": "80%",
              }
            }
          >
            <AddProductsBtn
              handleToggleModal={[Function]}
            />
          </div>,
        ],
        "className": "photo-grid-productman-container",
      },
      "ref": null,
      "rendered": Array [
        Object {
          "instance": null,
          "key": undefined,
          "nodeType": "host",
          "props": Object {
            "children": Array [
              Array [
                <AssignedPhoto
                  handleClickCloseBtn={[Function]}
                  id={1}
                  image="https://ae01.alicdn.com/kf/HTB1N8Q9G7yWBuNjy0Fpq6yssXXal/Led-twig-lights-holiday-lights-branches-Christmas-ornaments-HJW.jpg"
                  title="Whisker"
                />,
              ],
              false,
            ],
            "className": "d-flex align-items-center false",
          },
          "ref": null,
          "rendered": Array [
            Object {
              "instance": null,
              "key": "1",
              "nodeType": "class",
              "props": Object {
                "handleClickCloseBtn": [Function],
                "id": 1,
                "image": "https://ae01.alicdn.com/kf/HTB1N8Q9G7yWBuNjy0Fpq6yssXXal/Led-twig-lights-holiday-lights-branches-Christmas-ornaments-HJW.jpg",
                "title": "Whisker",
              },
              "ref": null,
              "rendered": null,
              "type": [Function],
            },
            false,
          ],
          "type": "div",
        },
        Object {
          "instance": null,
          "key": undefined,
          "nodeType": "host",
          "props": Object {
            "children": Array [
              <AddProductsBtn
                handleToggleModal={[Function]}
              />,
              false,
            ],
            "className": "d-flex align-items-center ml-1 position-relative",
            "style": Object {
              "height": "80%",
            },
          },
          "ref": null,
          "rendered": Array [
            Object {
              "instance": null,
              "key": undefined,
              "nodeType": "class",
              "props": Object {
                "handleToggleModal": [Function],
              },
              "ref": null,
              "rendered": null,
              "type": [Function],
            },
            false,
          ],
          "type": "div",
        },
      ],
      "type": "div",
    },
  ],
  Symbol(enzyme.__options__): Object {
    "adapter": ReactSixteenAdapter {
      "options": Object {
        "enableComponentDidUpdateOnSetState": true,
        "lifecycles": Object {
          "componentDidUpdate": Object {
            "onSetState": true,
          },
          "getDerivedStateFromProps": true,
          "getSnapshotBeforeUpdate": true,
          "setState": Object {
            "skipsComponentDidUpdateOnNullish": true,
          },
        },
      },
    },
  },
}
`;
